Copyright 1986-2018 Xilinx, Inc. All Rights Reserved.
----------------------------------------------------------------------------------------
| Tool Version : Vivado v.2018.2 (win64) Build 2258646 Thu Jun 14 20:03:12 MDT 2018
| Date         : Fri Nov 17 13:44:21 2023
| Host         : Irwin running 64-bit major release  (build 9200)
| Command      : report_control_sets -verbose -file Top_Student_control_sets_placed.rpt
| Design       : Top_Student
| Device       : xc7a35t
----------------------------------------------------------------------------------------

Control Set Information

Table of Contents
-----------------
1. Summary
2. Histogram
3. Flip-Flop Distribution
4. Detailed Control Set Information

1. Summary
----------

+----------------------------------------------------------+-------+
|                          Status                          | Count |
+----------------------------------------------------------+-------+
| Number of unique control sets                            |   141 |
| Unused register locations in slices containing registers |   292 |
+----------------------------------------------------------+-------+


2. Histogram
------------

+--------+--------------+
| Fanout | Control Sets |
+--------+--------------+
|      2 |            4 |
|      4 |            5 |
|      6 |           18 |
|      8 |           16 |
|     10 |            5 |
|     12 |            4 |
|     14 |            3 |
|    16+ |           86 |
+--------+--------------+


3. Flip-Flop Distribution
-------------------------

+--------------+-----------------------+------------------------+-----------------+--------------+
| Clock Enable | Synchronous Set/Reset | Asynchronous Set/Reset | Total Registers | Total Slices |
+--------------+-----------------------+------------------------+-----------------+--------------+
| No           | No                    | No                     |            1374 |          417 |
| No           | No                    | Yes                    |             118 |           19 |
| No           | Yes                   | No                     |            1746 |          250 |
| Yes          | No                    | No                     |            1580 |          270 |
| Yes          | No                    | Yes                    |              46 |            6 |
| Yes          | Yes                   | No                     |            1028 |          136 |
+--------------+-----------------------+------------------------+-----------------+--------------+


4. Detailed Control Set Information
-----------------------------------

+--------------------------------------------------------+-----------------------------------------------------------------------------------------------+-----------------------------------------------------------------------------------------------+------------------+----------------+
|                      Clock Signal                      |                                         Enable Signal                                         |                                        Set/Reset Signal                                       | Slice Load Count | Bel Load Count |
+--------------------------------------------------------+-----------------------------------------------------------------------------------------------+-----------------------------------------------------------------------------------------------+------------------+----------------+
|  nolabel_line168/unit1/E[0]                            |                                                                                               |                                                                                               |                1 |              2 |
| ~clk6p25m_0                                            |                                                                                               |                                                                                               |                1 |              2 |
|  nolabel_line168/unit1/led_data_student_bc_reg[0]_2[0] |                                                                                               |                                                                                               |                1 |              2 |
|  nolabel_line168/unit1/led_data_student_bc_reg[0]_2[1] |                                                                                               |                                                                                               |                1 |              2 |
|  nolabel_line168/unit1/draw_wB[0]                      |                                                                                               |                                                                                               |                1 |              4 |
|  nolabel_line168/unit1/draw_wA[0]                      |                                                                                               |                                                                                               |                2 |              4 |
| ~clk6p25m                                              |                                                                                               |                                                                                               |                2 |              4 |
| ~clk6p25m_1                                            |                                                                                               |                                                                                               |                2 |              4 |
|  nolabel_line259/IMPROVED_CLOCK                        |                                                                                               |                                                                                               |                1 |              4 |
|  nolabel_line233/truth_table/clk25m_gen/clk25m         |                                                                                               |                                                                                               |                2 |              6 |
|  nolabel_line168/unit1/led_data_student_bc_reg[0]      |                                                                                               |                                                                                               |                2 |              6 |
|  nolabel_line168/unit1/draw_wA[2]                      |                                                                                               |                                                                                               |                2 |              6 |
|  nolabel_line168/unit1/draw_wB[1]                      |                                                                                               |                                                                                               |                1 |              6 |
|  nolabel_line168/unit1/oled_data_student_bc_reg[9]_0   |                                                                                               |                                                                                               |                1 |              6 |
|  nolabel_line168/unit1/oled_data_student_bc_reg[9]     |                                                                                               |                                                                                               |                2 |              6 |
|  nolabel_line168/unit1/draw_wnot0[0]                   |                                                                                               |                                                                                               |                3 |              6 |
|  nolabel_line168/unit1/draw_wnot1[0]                   |                                                                                               |                                                                                               |                1 |              6 |
|  nolabel_line168/unit1/draw_wnot1[1]                   |                                                                                               |                                                                                               |                1 |              6 |
|  nolabel_line168/unit1/draw_wB[3]                      |                                                                                               |                                                                                               |                1 |              6 |
|  nolabel_line168/unit1/draw_wA[1]                      |                                                                                               |                                                                                               |                1 |              6 |
|  nolabel_line168/unit1/draw_wnot0[2]                   |                                                                                               |                                                                                               |                2 |              6 |
|  btn_clock                                             |                                                                                               |                                                                                               |                3 |              6 |
|  nolabel_line168/unit1/draw_wB[4]                      |                                                                                               |                                                                                               |                1 |              6 |
|  nolabel_line168/unit1/draw_wand0[1]                   |                                                                                               |                                                                                               |                1 |              6 |
|  nolabel_line168/unit1/draw_wB[2]                      |                                                                                               |                                                                                               |                1 |              6 |
|  nolabel_line168/unit1/draw_wnot0[1]                   |                                                                                               |                                                                                               |                3 |              6 |
|  nolabel_line168/unit1/draw_wnot1[2]                   |                                                                                               |                                                                                               |                2 |              6 |
|  nolabel_line168/unit1/drawA                           |                                                                                               |                                                                                               |                3 |              8 |
|  clock_IBUF_BUFG                                       | nolabel_line184/nolabel_line194/drawborder_en1                                                |                                                                                               |                3 |              8 |
|  clock_IBUF_BUFG                                       |                                                                                               | nolabel_line184/nolabel_line101/nolabel_line63/Inst_Ps2Interface/clk_inter0                   |                1 |              8 |
|  clock_IBUF_BUFG                                       |                                                                                               | nolabel_line184/nolabel_line101/nolabel_line63/Inst_Ps2Interface/data_inter0                  |                1 |              8 |
|  clock_IBUF_BUFG                                       | nolabel_line184/nolabel_line125/gridcell_6/selected_gridcell0                                 |                                                                                               |                3 |              8 |
|  clock_IBUF_BUFG                                       | menu/p_0_out[15]                                                                              | menu/oled_data_mainmenu1                                                                      |                1 |              8 |
|  nolabel_line233/kmap/clk25m_gen/CLK                   |                                                                                               |                                                                                               |                2 |              8 |
|  circuit_analyser/clk10m                               | nolabel_line233/circuit_analyser/possible_input[3]_i_1_n_0                                    | nolabel_line233/circuit_analyser/clear                                                        |                1 |              8 |
|  clock_IBUF_BUFG                                       | nolabel_line168/unit1/btnR0                                                                   |                                                                                               |                1 |              8 |
|  btn_clock                                             | nolabel_line233/nolabel_line116/double_click_counter_reg[5]_0                                 | nolabel_line233/nolabel_line116/SR[0]                                                         |                2 |              8 |
|  clock_IBUF_BUFG                                       | nolabel_line184/nolabel_line101/mouse_setsignals[3]_i_1_n_0                                   |                                                                                               |                2 |              8 |
|  clk                                                   |                                                                                               |                                                                                               |                2 |              8 |
|  clock_IBUF_BUFG                                       | nolabel_line184/nolabel_line194/D[1]                                                          |                                                                                               |                2 |              8 |
|  clock_IBUF_BUFG                                       | nolabel_line184/nolabel_line194/drawborder_en12_in                                            |                                                                                               |                2 |              8 |
|  clock_IBUF_BUFG                                       | nolabel_line184/nolabel_line194/drawborder_en10_in                                            |                                                                                               |                1 |              8 |
|  clock_IBUF_BUFG                                       | nolabel_line184/nolabel_line101/nolabel_line63/Inst_Ps2Interface/shift_frame                  | nolabel_line184/nolabel_line101/nolabel_line63/Inst_Ps2Interface/reset_bit_count              |                2 |              8 |
|  clock_IBUF_BUFG                                       | nolabel_line184/nolabel_line194/new_gatetype[4]_i_1_n_0                                       |                                                                                               |                3 |             10 |
|  clock_IBUF_BUFG                                       | nolabel_line184/nolabel_line101/setmax_y                                                      | nolabel_line184/nolabel_line101/nolabel_line63/Inst_Ps2Interface/FSM_onehot_state_reg[1]_0    |                2 |             10 |
|  clock_IBUF_BUFG                                       | nolabel_line184/nolabel_line101/setmax_x                                                      | nolabel_line184/nolabel_line101/nolabel_line63/Inst_Ps2Interface/FSM_onehot_state_reg[1]_0    |                2 |             10 |
|  clock_IBUF_BUFG                                       | nolabel_line184/nolabel_line194/nolabel_line313/isnum_en[4]_i_1_n_0                           |                                                                                               |                4 |             10 |
|  clock_IBUF_BUFG                                       |                                                                                               | nolabel_line184/nolabel_line101/FSM_onehot_init_currstate[4]_i_1_n_0                          |                3 |             10 |
|  nolabel_line168/unit1/drawB                           |                                                                                               |                                                                                               |                2 |             12 |
|  clock_IBUF_BUFG                                       | nolabel_line168/unit2/rainbow_0/c_up_red                                                      |                                                                                               |                2 |             12 |
|  clock_IBUF_BUFG                                       |                                                                                               | nolabel_line168/unit1/oled_data_student_bc_reg[5]                                             |                2 |             12 |
|  segment_data_student_d_internal_reg[6]_i_2_n_0        |                                                                                               |                                                                                               |                1 |             12 |
|  clock_IBUF_BUFG                                       | nolabel_line184/nolabel_line101/nolabel_line63/Inst_Ps2Interface/ps2_data_h_reg_inv_0         |                                                                                               |                2 |             14 |
|  clock_IBUF_BUFG                                       | nolabel_line184/nolabel_line101/nolabel_line63/Inst_Ps2Interface/delay_63clk_count[6]_i_2_n_0 | nolabel_line184/nolabel_line101/nolabel_line63/Inst_Ps2Interface/delay_63clk_count[6]_i_1_n_0 |                2 |             14 |
|  clock_IBUF_BUFG                                       | nolabel_line184/nolabel_line101/nolabel_line63/Inst_Ps2Interface/right_down_reg               | nolabel_line184/nolabel_line101/nolabel_line63/Inst_Ps2Interface/FSM_onehot_state_reg[1]_0    |                2 |             14 |
|  nolabel_line168/unit1/draw_wand0[0]                   |                                                                                               |                                                                                               |                3 |             16 |
|  clock_IBUF_BUFG                                       | nolabel_line184/nolabel_line101/nolabel_line63/tx_data[7]_i_1_n_0                             |                                                                                               |                2 |             16 |
|  circuit_analyser/clk10m                               | nolabel_line233/circuit_analyser/in_all_gates                                                 |                                                                                               |                6 |             16 |
|  clock_IBUF_BUFG                                       | nolabel_line184/nolabel_line101/nolabel_line63/Inst_Ps2Interface/load_rx_data                 |                                                                                               |                2 |             16 |
|  clock_IBUF_BUFG                                       | nolabel_line184/nolabel_line259/simdata_rdy0                                                  |                                                                                               |                2 |             16 |
|  clock_IBUF_BUFG                                       | nolabel_line184/nolabel_line101/nolabel_line63/Inst_Ps2Interface/y_inc_reg[0][0]              | nolabel_line184/nolabel_line101/nolabel_line63/Inst_Ps2Interface/FSM_onehot_state_reg[1]_0    |                2 |             16 |
|  clock_IBUF_BUFG                                       | nolabel_line184/nolabel_line101/nolabel_line63/Inst_Ps2Interface/E[0]                         | nolabel_line184/nolabel_line101/nolabel_line63/Inst_Ps2Interface/FSM_onehot_state_reg[1]_0    |                2 |             16 |
|  nolabel_line168/unit1/draw_not[1]                     |                                                                                               |                                                                                               |                5 |             18 |
|  nolabel_line168/unit1/draw_not[0]                     |                                                                                               |                                                                                               |                6 |             18 |
|  clock_IBUF_BUFG                                       | nolabel_line184/nolabel_line101/value                                                         |                                                                                               |                5 |             18 |
|  clock_IBUF_BUFG                                       | nolabel_line184/nolabel_line101/nolabel_line63/Inst_Ps2Interface/frame[9]_i_1_n_0             |                                                                                               |                2 |             20 |
|  clock_IBUF_BUFG                                       |                                                                                               | nolabel_line168/unit1/oled_data_student_bc_reg[15]                                            |                4 |             20 |
|  clock_IBUF_BUFG                                       | nolabel_line184/nolabel_line101/nolabel_line63/Inst_Ps2Interface/delay_20us_count[10]_i_2_n_0 | nolabel_line184/nolabel_line101/nolabel_line63/Inst_Ps2Interface/delay_20us_count[10]_i_1_n_0 |                4 |             22 |
|  nolabel_line168/unit1/draw_wand1[0]                   |                                                                                               |                                                                                               |                7 |             24 |
|  clock_IBUF_BUFG                                       | nolabel_line184/nolabel_line101/nolabel_line63/y_pos[11]_i_1_n_0                              |                                                                                               |                7 |             24 |
|  clock_IBUF_BUFG                                       | nolabel_line184/nolabel_line101/nolabel_line63/x_pos[11]_i_1_n_0                              |                                                                                               |                5 |             24 |
|  circuit_analyser/clk10m                               | nolabel_line233/circuit_analyser/gate_index[3]_i_1_n_0                                        | nolabel_line233/circuit_analyser/clear                                                        |                3 |             24 |
|  segment_data_pos_type_reg[22]_i_2_n_0                 |                                                                                               |                                                                                               |                5 |             24 |
|  segment_data_pos_type_reg[22]_i_2_n_0                 |                                                                                               | nolabel_line233/segment/segment_data_pos_type_reg[9]_0                                        |                4 |             26 |
|  clock_IBUF_BUFG                                       | nolabel_line184/nolabel_line101/nolabel_line63/Inst_Ps2Interface/delay_100us_count[0]_i_2_n_0 | nolabel_line184/nolabel_line101/nolabel_line63/Inst_Ps2Interface/clear                        |                4 |             28 |
|  seven_seg/clk1k_gen/CLK                               |                                                                                               |                                                                                               |                4 |             28 |
| ~clk6p25m                                              |                                                                                               | oled_JA/oled/frame_counter[16]_i_1__1_n_0                                                     |                4 |             32 |
| ~clk6p25m_1                                            |                                                                                               | oled_JC/oled/frame_counter[16]_i_1__0_n_0                                                     |                4 |             32 |
|  nolabel_line168/unit2/rainbow_0/clk_divider_1/clk     | nolabel_line168/unit2/rainbow_0/reg_pixel_data[0]_i_1_n_0                                     |                                                                                               |                8 |             32 |
| ~clk6p25m_0                                            |                                                                                               | oled_JB/oled/frame_counter[16]_i_1_n_0                                                        |                5 |             34 |
| ~clk6p25m                                              | oled_JA/oled/delay[0]_i_1__1_n_0                                                              |                                                                                               |                5 |             40 |
| ~clk6p25m_1                                            | oled_JC/oled/delay[0]_i_1__0_n_0                                                              |                                                                                               |                5 |             40 |
| ~clk6p25m_0                                            | oled_JB/oled/delay[0]_i_1_n_0                                                                 |                                                                                               |                5 |             40 |
|  nolabel_line259/IMPROVED_CLOCK                        | oled_JB/oled/gate_type_33_loaded_reg[0][0]                                                    |                                                                                               |                4 |             42 |
|  nolabel_line259/IMPROVED_CLOCK                        | oled_JB/oled/gate_type_11_loaded_reg[0][0]                                                    |                                                                                               |                9 |             42 |
|  nolabel_line259/IMPROVED_CLOCK                        | oled_JB/oled/gate_type_21_loaded_reg[0][0]                                                    |                                                                                               |               10 |             42 |
|  nolabel_line259/IMPROVED_CLOCK                        | oled_JB/oled/gate_type_22_loaded_reg[0][0]                                                    |                                                                                               |                8 |             42 |
|  nolabel_line259/IMPROVED_CLOCK                        | oled_JB/oled/gate_type_23_loaded_reg[0][0]                                                    |                                                                                               |                7 |             42 |
|  nolabel_line259/IMPROVED_CLOCK                        | oled_JB/oled/gate_type_13_loaded_reg[0][0]                                                    |                                                                                               |                7 |             42 |
|  nolabel_line259/IMPROVED_CLOCK                        | oled_JB/oled/gate_type_12_loaded_reg[0][0]                                                    |                                                                                               |                4 |             42 |
|  nolabel_line259/IMPROVED_CLOCK                        | oled_JB/oled/gate_type_30_loaded_reg[0][0]                                                    |                                                                                               |                4 |             42 |
|  nolabel_line259/IMPROVED_CLOCK                        | oled_JB/oled/gate_type_32_loaded_reg[0][0]                                                    |                                                                                               |                5 |             42 |
|  nolabel_line259/IMPROVED_CLOCK                        | oled_JB/oled/gate_type_20_loaded_reg[0][0]                                                    |                                                                                               |               11 |             42 |
|  nolabel_line259/IMPROVED_CLOCK                        | oled_JB/oled/gate_type_31_loaded_reg[0][0]                                                    |                                                                                               |                6 |             42 |
|  nolabel_line259/IMPROVED_CLOCK                        | oled_JB/oled/E[0]                                                                             |                                                                                               |                8 |             42 |
|  segment_data_student_d_internal_reg[6]_i_2_n_0        |                                                                                               | nolabel_line233/sel                                                                           |                8 |             46 |
|  clock_IBUF_BUFG                                       |                                                                                               | nolabel_line184/nolabel_line101/nolabel_line63/reset_timeout_cnt                              |                5 |             48 |
|  clock_IBUF_BUFG                                       |                                                                                               | nolabel_line184/nolabel_line101/nolabel_line63/reset_periodic_check_cnt                       |                7 |             52 |
|  btn_clock                                             | nolabel_line233/double_click_counter[31]_i_2_n_0                                              | nolabel_line233/nolabel_line116/SR[1]                                                         |                9 |             56 |
|  clock_IBUF_BUFG                                       |                                                                                               | nolabel_line184/nolabel_line237/prescaler_1Hz/COUNT[31]_i_1_n_0                               |                8 |             62 |
|  clock_IBUF_BUFG                                       |                                                                                               | nolabel_line184/nolabel_line259/nolabel_line71/COUNT[31]_i_1__0_n_0                           |                8 |             62 |
|  clock_IBUF_BUFG                                       |                                                                                               | oled_JB/clk6p25m_gen/counter[0]_i_1__7_n_0                                                    |                8 |             64 |
|  clock_IBUF_BUFG                                       |                                                                                               | oled_JA/clk6p25m_gen/clear                                                                    |                8 |             64 |
|  clk                                                   | nolabel_line233/circuit_loader/btnR_debouncer/btn_ready1                                      | nolabel_line233/circuit_loader/btnR_debouncer/btn_ready1_out                                  |                8 |             64 |
|  clk                                                   | nolabel_line233/circuit_loader/btnL_debouncer/btn_ready1                                      | nolabel_line233/circuit_loader/btnL_debouncer/btn_ready1_out                                  |                8 |             64 |
| ~clk6p25m                                              | oled_JA/oled/FSM_onehot_state[31]_i_1__2_n_0                                                  |                                                                                               |                8 |             64 |
| ~clk6p25m_1                                            | oled_JC/oled/FSM_onehot_state[31]_i_1__1_n_0                                                  |                                                                                               |                6 |             64 |
|  clock_IBUF_BUFG                                       |                                                                                               | nolabel_line233/segment/clk1k_gen/counter[0]_i_1__2_n_0                                       |                8 |             64 |
|  clock_IBUF_BUFG                                       | nolabel_line184/nolabel_line101/nolabel_line135/nolabel_line56/sig_ready1                     | nolabel_line184/nolabel_line101/nolabel_line135/nolabel_line56/sig_ready1_out                 |                8 |             64 |
|  clock_IBUF_BUFG                                       | nolabel_line184/nolabel_line101/nolabel_line135/nolabel_line64/sig_ready1                     | nolabel_line184/nolabel_line101/nolabel_line135/nolabel_line64/sig_ready1_out                 |                8 |             64 |
|  clock_IBUF_BUFG                                       | nolabel_line184/nolabel_line101/nolabel_line135/nolabel_line72/sig_ready1                     | nolabel_line184/nolabel_line101/nolabel_line135/nolabel_line72/sig_ready1_out                 |                8 |             64 |
|  btn_clock                                             | nolabel_line233/nolabel_line116/btn_ready1                                                    | nolabel_line233/nolabel_line116/btn_ready1_out                                                |                8 |             64 |
| ~clk6p25m_0                                            | oled_JB/oled/state                                                                            |                                                                                               |                8 |             64 |
|  clock_IBUF_BUFG                                       |                                                                                               | nolabel_line233/kmap/clk25m_gen/clear                                                         |                8 |             64 |
|  clock_IBUF_BUFG                                       |                                                                                               | nolabel_line233/truth_table/clk25m_gen/clear                                                  |                8 |             64 |
|  clock_IBUF_BUFG                                       | menu/startup_count0                                                                           |                                                                                               |                8 |             64 |
|  clock_IBUF_BUFG                                       |                                                                                               | nolabel_line233/btn_clock_gen/counter[0]_i_1__0_n_0                                           |                8 |             64 |
|  clock_IBUF_BUFG                                       |                                                                                               | menu/startup_2Hz_clk_gen/clear                                                                |                8 |             64 |
|  clock_IBUF_BUFG                                       |                                                                                               | nolabel_line233/circuit_loader/btn_clock_gen/clear                                            |                8 |             64 |
|  clock_IBUF_BUFG                                       | menu/unit2/btn_ready1                                                                         | menu/unit2/btn_ready1_out                                                                     |                8 |             64 |
|  clock_IBUF_BUFG                                       | menu/unit3/btn_ready1                                                                         | menu/unit3/btn_ready1_out                                                                     |                8 |             64 |
|  clock_IBUF_BUFG                                       | menu/escape_count[0]_i_2_n_0                                                                  | menu/escape_count[0]_i_1_n_0                                                                  |                8 |             64 |
|  clock_IBUF_BUFG                                       |                                                                                               | nolabel_line168/unit2/rainbow_0/clk_divider_1/clear                                           |                8 |             64 |
|  clock_IBUF_BUFG                                       | nolabel_line184/btnL_debouncer/btn_ready1                                                     | nolabel_line184/btnL_debouncer/btn_ready1_out                                                 |                8 |             64 |
|  clock_IBUF_BUFG                                       | nolabel_line184/btnR_debouncer/btn_ready1                                                     | nolabel_line184/btnR_debouncer/btn_ready1_out                                                 |                8 |             64 |
|  clock_IBUF_BUFG                                       |                                                                                               | nolabel_line233/segment_circuit_load_clock_gen/counter[0]_i_1__3_n_0                          |                8 |             64 |
|  clock_IBUF_BUFG                                       | menu/escape_wait_count[0]_i_2_n_0                                                             | menu/escape_wait_count[0]_i_1_n_0                                                             |                8 |             64 |
|  clock_IBUF_BUFG                                       |                                                                                               | nolabel_line233/circuit_analyser/clk10m_gen/clear                                             |                8 |             64 |
|  clock_IBUF_BUFG                                       |                                                                                               | nolabel_line233/clk10_gen/counter[0]_i_1__4_n_0                                               |                8 |             64 |
|  clock_IBUF_BUFG                                       |                                                                                               | seven_seg/clk1k_gen/clear                                                                     |                8 |             64 |
|  segment_data_student_d_internal_reg[6]_i_2_n_0        | nolabel_line233/sel                                                                           | nolabel_line233/circuit_load_counter[0]_i_1_n_0                                               |                8 |             64 |
|  clock_IBUF_BUFG                                       |                                                                                               | nolabel_line233/clk1_gen/counter[0]_i_1__5_n_0                                                |                8 |             64 |
|  segment_data_pos_type_reg[22]_i_2_n_0                 |                                                                                               | nolabel_line233/segment/counter                                                               |                8 |             64 |
|  clock_IBUF_BUFG                                       |                                                                                               | oled_JC/clk6p25m_gen/clear                                                                    |                8 |             64 |
| ~clk6p25m                                              |                                                                                               | oled_JA/oled/spi_word[39]_i_1__1_n_0                                                          |               21 |             90 |
| ~clk6p25m_0                                            |                                                                                               | oled_JB/oled/spi_word[39]_i_1_n_0                                                             |               19 |             90 |
| ~clk6p25m_1                                            |                                                                                               | oled_JC/oled/spi_word[39]_i_1__0_n_0                                                          |               18 |             90 |
|  clock_IBUF_BUFG                                       |                                                                                               | nolabel_line184/nolabel_line101/nolabel_line63/Inst_Ps2Interface/FSM_onehot_state_reg[1]_0    |               19 |            118 |
|  circuit_analyser/clk10m                               | nolabel_line233/circuit_analyser/clear                                                        |                                                                                               |               78 |            416 |
|  clock_IBUF_BUFG                                       |                                                                                               |                                                                                               |              128 |            508 |
|  circuit_analyser/clk10m                               |                                                                                               |                                                                                               |              207 |            554 |
+--------------------------------------------------------+-----------------------------------------------------------------------------------------------+-----------------------------------------------------------------------------------------------+------------------+----------------+


